Copyright 1986-2022 Xilinx, Inc. All Rights Reserved.
-------------------------------------------------------------------------------------------------------------------------------------------
| Tool Version     : Vivado v.2022.2 (win64) Build 3671981 Fri Oct 14 05:00:03 MDT 2022
| Date             : Sun Apr  6 19:08:10 2025
| Host             : DESKTOP-NCDM7BC running 64-bit major release  (build 9200)
| Command          : report_power -file air_soc_power_routed.rpt -pb air_soc_power_summary_routed.pb -rpx air_soc_power_routed.rpx
| Design           : air_soc
| Device           : xc7a35tcpg236-1
| Design State     : routed
| Grade            : commercial
| Process          : typical
| Characterization : Production
-------------------------------------------------------------------------------------------------------------------------------------------

Power Report

Table of Contents
-----------------
1. Summary
1.1 On-Chip Components
1.2 Power Supply Summary
1.3 Confidence Level
2. Settings
2.1 Environment
2.2 Clock Constraints
3. Detailed Reports
3.1 By Hierarchy

1. Summary
----------

+--------------------------+--------------+
| Total On-Chip Power (W)  | 0.216        |
| Design Power Budget (W)  | Unspecified* |
| Power Budget Margin (W)  | NA           |
| Dynamic (W)              | 0.143        |
| Device Static (W)        | 0.073        |
| Effective TJA (C/W)      | 5.0          |
| Max Ambient (C)          | 83.9         |
| Junction Temperature (C) | 26.1         |
| Confidence Level         | Low          |
| Setting File             | ---          |
| Simulation Activity File | ---          |
| Design Nets Matched      | NA           |
+--------------------------+--------------+
* Specify Design Power Budget using, set_operating_conditions -design_power_budget <value in Watts>


1.1 On-Chip Components
----------------------

+--------------------------+-----------+----------+-----------+-----------------+
| On-Chip                  | Power (W) | Used     | Available | Utilization (%) |
+--------------------------+-----------+----------+-----------+-----------------+
| Clocks                   |     0.012 |        8 |       --- |             --- |
| Slice Logic              |     0.003 |    14830 |       --- |             --- |
|   LUT as Logic           |     0.003 |     8265 |     20800 |           39.74 |
|   CARRY4                 |    <0.001 |      247 |      8150 |            3.03 |
|   Register               |    <0.001 |     3814 |     41600 |            9.17 |
|   F7/F8 Muxes            |    <0.001 |      368 |     32600 |            1.13 |
|   LUT as Distributed RAM |    <0.001 |        6 |      9600 |            0.06 |
|   Others                 |     0.000 |      116 |       --- |             --- |
| Signals                  |     0.004 |    12268 |       --- |             --- |
| Block RAM                |     0.007 |       16 |        50 |           32.00 |
| MMCM                     |     0.116 |        1 |         5 |           20.00 |
| DSPs                     |    <0.001 |        5 |        90 |            5.56 |
| I/O                      |    <0.001 |       10 |       106 |            9.43 |
| Static Power             |     0.073 |          |           |                 |
| Total                    |     0.216 |          |           |                 |
+--------------------------+-----------+----------+-----------+-----------------+


1.2 Power Supply Summary
------------------------

+-----------+-------------+-----------+-------------+------------+-------------+-------------+------------+
| Source    | Voltage (V) | Total (A) | Dynamic (A) | Static (A) | Powerup (A) | Budget (A)  | Margin (A) |
+-----------+-------------+-----------+-------------+------------+-------------+-------------+------------+
| Vccint    |       1.000 |     0.037 |       0.027 |      0.010 |       NA    | Unspecified | NA         |
| Vccaux    |       1.800 |     0.077 |       0.064 |      0.013 |       NA    | Unspecified | NA         |
| Vcco33    |       3.300 |     0.001 |       0.000 |      0.001 |       NA    | Unspecified | NA         |
| Vcco25    |       2.500 |     0.000 |       0.000 |      0.000 |       NA    | Unspecified | NA         |
| Vcco18    |       1.800 |     0.000 |       0.000 |      0.000 |       NA    | Unspecified | NA         |
| Vcco15    |       1.500 |     0.000 |       0.000 |      0.000 |       NA    | Unspecified | NA         |
| Vcco135   |       1.350 |     0.000 |       0.000 |      0.000 |       NA    | Unspecified | NA         |
| Vcco12    |       1.200 |     0.000 |       0.000 |      0.000 |       NA    | Unspecified | NA         |
| Vccaux_io |       1.800 |     0.000 |       0.000 |      0.000 |       NA    | Unspecified | NA         |
| Vccbram   |       1.000 |     0.001 |       0.001 |      0.001 |       NA    | Unspecified | NA         |
| MGTAVcc   |       1.000 |     0.000 |       0.000 |      0.000 |       NA    | Unspecified | NA         |
| MGTAVtt   |       1.200 |     0.000 |       0.000 |      0.000 |       NA    | Unspecified | NA         |
| Vccadc    |       1.800 |     0.020 |       0.000 |      0.020 |       NA    | Unspecified | NA         |
+-----------+-------------+-----------+-------------+------------+-------------+-------------+------------+


1.3 Confidence Level
--------------------

+-----------------------------+------------+--------------------------------------------------------+------------------------------------------------------------------------------------------------------------+
| User Input Data             | Confidence | Details                                                | Action                                                                                                     |
+-----------------------------+------------+--------------------------------------------------------+------------------------------------------------------------------------------------------------------------+
| Design implementation state | High       | Design is routed                                       |                                                                                                            |
| Clock nodes activity        | High       | User specified more than 95% of clocks                 |                                                                                                            |
| I/O nodes activity          | Low        | More than 75% of inputs are missing user specification | Provide missing input activity with simulation results or by editing the "By Resource Type -> I/Os" view   |
| Internal nodes activity     | Medium     | User specified less than 25% of internal nodes         | Provide missing internal nodes activity with simulation results or by editing the "By Resource Type" views |
| Device models               | High       | Device models are Production                           |                                                                                                            |
|                             |            |                                                        |                                                                                                            |
| Overall confidence level    | Low        |                                                        |                                                                                                            |
+-----------------------------+------------+--------------------------------------------------------+------------------------------------------------------------------------------------------------------------+


2. Settings
-----------

2.1 Environment
---------------

+-----------------------+--------------------------+
| Ambient Temp (C)      | 25.0                     |
| ThetaJA (C/W)         | 5.0                      |
| Airflow (LFM)         | 250                      |
| Heat Sink             | medium (Medium Profile)  |
| ThetaSA (C/W)         | 4.6                      |
| Board Selection       | medium (10"x10")         |
| # of Board Layers     | 12to15 (12 to 15 Layers) |
| Board Temperature (C) | 25.0                     |
+-----------------------+--------------------------+


2.2 Clock Constraints
---------------------

+----------------------+--------------------------------+-----------------+
| Clock                | Domain                         | Constraint (ns) |
+----------------------+--------------------------------+-----------------+
| clk_i                | clk_i                          |            10.0 |
| clk_out1_clk_wiz_0   | dutclk/inst/clk_out1_clk_wiz_0 |            40.0 |
| clk_out1_clk_wiz_0_1 | dutclk/inst/clk_out1_clk_wiz_0 |            40.0 |
| clkfbout_clk_wiz_0   | dutclk/inst/clkfbout_clk_wiz_0 |            10.0 |
| clkfbout_clk_wiz_0_1 | dutclk/inst/clkfbout_clk_wiz_0 |            10.0 |
| sys_clk_pin          | clk_i                          |            10.0 |
+----------------------+--------------------------------+-----------------+


3. Detailed Reports
-------------------

3.1 By Hierarchy
----------------

+--------------------+-----------+
| Name               | Power (W) |
+--------------------+-----------+
| air_soc            |     0.143 |
|   cv32e40p_core_ip |     0.014 |
|     core_i         |     0.014 |
|       ex_stage_i   |     0.001 |
|       id_stage_i   |     0.010 |
|       if_stage_i   |     0.002 |
|   dutclk           |     0.116 |
|     inst           |     0.116 |
|   main_memory      |     0.009 |
|   qspi             |     0.001 |
|     qspi_iface_dut |     0.001 |
+--------------------+-----------+


